::ffff:127.0.0.1 - - [03/Aug/2020:21:00:32 +0000] "GET /team/tasks-5f21e57496c37e8cea505d9e-na-na HTTP/1.1" 304 - "http://localhost:3000/teams/5f21e57496c37e8cea505d9e" "Mozilla/5.0 (Macintosh; Intel Mac OS X 10_14_6) AppleWebKit/537.36 (KHTML, like Gecko) Chrome/84.0.4147.105 Safari/537.36"
::ffff:127.0.0.1 - - [03/Aug/2020:21:00:32 +0000] "GET /team/tasks-5f21e57496c37e8cea505d9e-na-na HTTP/1.1" 304 - "http://localhost:3000/teams/5f21e57496c37e8cea505d9e" "Mozilla/5.0 (Macintosh; Intel Mac OS X 10_14_6) AppleWebKit/537.36 (KHTML, like Gecko) Chrome/84.0.4147.105 Safari/537.36"
::ffff:127.0.0.1 - - [03/Aug/2020:21:00:35 +0000] "GET /teams HTTP/1.1" 200 286 "http://localhost:3000/teams/5f21e57496c37e8cea505d9e" "Mozilla/5.0 (Macintosh; Intel Mac OS X 10_14_6) AppleWebKit/537.36 (KHTML, like Gecko) Chrome/84.0.4147.105 Safari/537.36"
::ffff:127.0.0.1 - - [03/Aug/2020:21:00:35 +0000] "GET /tasks HTTP/1.1" 201 843 "http://localhost:3000/teams/5f21e57496c37e8cea505d9e" "Mozilla/5.0 (Macintosh; Intel Mac OS X 10_14_6) AppleWebKit/537.36 (KHTML, like Gecko) Chrome/84.0.4147.105 Safari/537.36"
::ffff:127.0.0.1 - - [03/Aug/2020:21:00:35 +0000] "GET /allUsers HTTP/1.1" 201 - "http://localhost:3000/teams/5f21e57496c37e8cea505d9e" "Mozilla/5.0 (Macintosh; Intel Mac OS X 10_14_6) AppleWebKit/537.36 (KHTML, like Gecko) Chrome/84.0.4147.105 Safari/537.36"
::ffff:127.0.0.1 - - [03/Aug/2020:21:00:36 +0000] "GET /team/tasks-5f21e57496c37e8cea505d9e-na-na HTTP/1.1" 304 - "http://localhost:3000/teams/5f21e57496c37e8cea505d9e" "Mozilla/5.0 (Macintosh; Intel Mac OS X 10_14_6) AppleWebKit/537.36 (KHTML, like Gecko) Chrome/84.0.4147.105 Safari/537.36"
::ffff:127.0.0.1 - - [03/Aug/2020:21:00:36 +0000] "GET /team/tasks-5f21e57496c37e8cea505d9e-na-na HTTP/1.1" 304 - "http://localhost:3000/teams/5f21e57496c37e8cea505d9e" "Mozilla/5.0 (Macintosh; Intel Mac OS X 10_14_6) AppleWebKit/537.36 (KHTML, like Gecko) Chrome/84.0.4147.105 Safari/537.36"
::ffff:127.0.0.1 - - [03/Aug/2020:21:00:36 +0000] "GET /task-members/5f287ae019738642cc5a9500 HTTP/1.1" 304 - "http://localhost:3000/teams/5f21e57496c37e8cea505d9e" "Mozilla/5.0 (Macintosh; Intel Mac OS X 10_14_6) AppleWebKit/537.36 (KHTML, like Gecko) Chrome/84.0.4147.105 Safari/537.36"
::ffff:127.0.0.1 - - [03/Aug/2020:21:00:36 +0000] "GET /team/tasks-5f21e57496c37e8cea505d9e-na-na HTTP/1.1" 304 - "http://localhost:3000/teams/5f21e57496c37e8cea505d9e" "Mozilla/5.0 (Macintosh; Intel Mac OS X 10_14_6) AppleWebKit/537.36 (KHTML, like Gecko) Chrome/84.0.4147.105 Safari/537.36"
::ffff:127.0.0.1 - - [03/Aug/2020:21:00:36 +0000] "GET /team/tasks-5f21e57496c37e8cea505d9e-na-na HTTP/1.1" 304 - "http://localhost:3000/teams/5f21e57496c37e8cea505d9e" "Mozilla/5.0 (Macintosh; Intel Mac OS X 10_14_6) AppleWebKit/537.36 (KHTML, like Gecko) Chrome/84.0.4147.105 Safari/537.36"
::ffff:127.0.0.1 - - [03/Aug/2020:21:00:36 +0000] "GET /team/tasks-5f21e57496c37e8cea505d9e-na-na HTTP/1.1" 304 - "http://localhost:3000/teams/5f21e57496c37e8cea505d9e" "Mozilla/5.0 (Macintosh; Intel Mac OS X 10_14_6) AppleWebKit/537.36 (KHTML, like Gecko) Chrome/84.0.4147.105 Safari/537.36"
::ffff:127.0.0.1 - - [03/Aug/2020:21:00:38 +0000] "GET /task-members/5f287ae019738642cc5a9500 HTTP/1.1" 304 - "http://localhost:3000/teams/5f21e57496c37e8cea505d9e" "Mozilla/5.0 (Macintosh; Intel Mac OS X 10_14_6) AppleWebKit/537.36 (KHTML, like Gecko) Chrome/84.0.4147.105 Safari/537.36"
::ffff:127.0.0.1 - - [03/Aug/2020:21:00:38 +0000] "PUT /team-remove/5f21e57496c37e8cea505d9e HTTP/1.1" 200 44 "http://localhost:3000/teams/5f21e57496c37e8cea505d9e" "Mozilla/5.0 (Macintosh; Intel Mac OS X 10_14_6) AppleWebKit/537.36 (KHTML, like Gecko) Chrome/84.0.4147.105 Safari/537.36"
::1 - - [03/Aug/2020:21:00:38 +0000] "GET /team/tasks-5f1f11cf11cb394f962956fd-undefined-undefined HTTP/1.1" 500 54 "http://localhost:3000/teams/5f1f11cf11cb394f962956fd" "Mozilla/5.0 (Macintosh; Intel Mac OS X 10_14_6) AppleWebKit/605.1.15 (KHTML, like Gecko) Version/13.1.2 Safari/605.1.15"
::ffff:127.0.0.1 - - [03/Aug/2020:21:00:39 +0000] "PUT /team-push/5f21e57496c37e8cea505d9e HTTP/1.1" 200 44 "http://localhost:3000/teams/5f21e57496c37e8cea505d9e" "Mozilla/5.0 (Macintosh; Intel Mac OS X 10_14_6) AppleWebKit/537.36 (KHTML, like Gecko) Chrome/84.0.4147.105 Safari/537.36"
::ffff:127.0.0.1 - - [03/Aug/2020:21:00:39 +0000] "GET /team/tasks-5f21e57496c37e8cea505d9e-na-na HTTP/1.1" 200 884 "http://localhost:3000/teams/5f21e57496c37e8cea505d9e" "Mozilla/5.0 (Macintosh; Intel Mac OS X 10_14_6) AppleWebKit/537.36 (KHTML, like Gecko) Chrome/84.0.4147.105 Safari/537.36"
::1 - - [03/Aug/2020:21:00:39 +0000] "GET /team/tasks-5f1f11cf11cb394f962956fd-undefined-undefined HTTP/1.1" 500 54 "http://localhost:3000/teams/5f1f11cf11cb394f962956fd" "Mozilla/5.0 (Macintosh; Intel Mac OS X 10_14_6) AppleWebKit/605.1.15 (KHTML, like Gecko) Version/13.1.2 Safari/605.1.15"
::ffff:127.0.0.1 - - [03/Aug/2020:21:00:39 +0000] "GET /team/tasks-5f21e57496c37e8cea505d9e-na-na HTTP/1.1" 200 - "http://localhost:3000/teams/5f21e57496c37e8cea505d9e" "Mozilla/5.0 (Macintosh; Intel Mac OS X 10_14_6) AppleWebKit/537.36 (KHTML, like Gecko) Chrome/84.0.4147.105 Safari/537.36"
::ffff:127.0.0.1 - - [03/Aug/2020:21:00:39 +0000] "GET /task-members/5f287ae019738642cc5a9500 HTTP/1.1" 304 - "http://localhost:3000/teams/5f21e57496c37e8cea505d9e" "Mozilla/5.0 (Macintosh; Intel Mac OS X 10_14_6) AppleWebKit/537.36 (KHTML, like Gecko) Chrome/84.0.4147.105 Safari/537.36"
::ffff:127.0.0.1 - - [03/Aug/2020:21:00:39 +0000] "GET /team/tasks-5f21e57496c37e8cea505d9e-na-na HTTP/1.1" 304 - "http://localhost:3000/teams/5f21e57496c37e8cea505d9e" "Mozilla/5.0 (Macintosh; Intel Mac OS X 10_14_6) AppleWebKit/537.36 (KHTML, like Gecko) Chrome/84.0.4147.105 Safari/537.36"
::ffff:127.0.0.1 - - [03/Aug/2020:21:00:39 +0000] "GET /team/tasks-5f21e57496c37e8cea505d9e-na-na HTTP/1.1" 304 - "http://localhost:3000/teams/5f21e57496c37e8cea505d9e" "Mozilla/5.0 (Macintosh; Intel Mac OS X 10_14_6) AppleWebKit/537.36 (KHTML, like Gecko) Chrome/84.0.4147.105 Safari/537.36"
::ffff:127.0.0.1 - - [03/Aug/2020:21:00:39 +0000] "GET /team/tasks-5f21e57496c37e8cea505d9e-na-na HTTP/1.1" 304 - "http://localhost:3000/teams/5f21e57496c37e8cea505d9e" "Mozilla/5.0 (Macintosh; Intel Mac OS X 10_14_6) AppleWebKit/537.36 (KHTML, like Gecko) Chrome/84.0.4147.105 Safari/537.36"
::ffff:127.0.0.1 - - [03/Aug/2020:21:00:39 +0000] "GET /team/tasks-5f21e57496c37e8cea505d9e-na-na HTTP/1.1" 304 - "http://localhost:3000/teams/5f21e57496c37e8cea505d9e" "Mozilla/5.0 (Macintosh; Intel Mac OS X 10_14_6) AppleWebKit/537.36 (KHTML, like Gecko) Chrome/84.0.4147.105 Safari/537.36"
::ffff:127.0.0.1 - - [03/Aug/2020:21:00:40 +0000] "GET /team/tasks-5f21e57496c37e8cea505d9e-na-na HTTP/1.1" 304 - "http://localhost:3000/teams/5f21e57496c37e8cea505d9e" "Mozilla/5.0 (Macintosh; Intel Mac OS X 10_14_6) AppleWebKit/537.36 (KHTML, like Gecko) Chrome/84.0.4147.105 Safari/537.36"
::ffff:127.0.0.1 - - [03/Aug/2020:21:00:40 +0000] "GET /team/tasks-5f21e57496c37e8cea505d9e-na-na HTTP/1.1" 304 - "http://localhost:3000/teams/5f21e57496c37e8cea505d9e" "Mozilla/5.0 (Macintosh; Intel Mac OS X 10_14_6) AppleWebKit/537.36 (KHTML, like Gecko) Chrome/84.0.4147.105 Safari/537.36"
::ffff:127.0.0.1 - - [03/Aug/2020:21:00:40 +0000] "GET /team/tasks-5f21e57496c37e8cea505d9e-na-na HTTP/1.1" 304 - "http://localhost:3000/teams/5f21e57496c37e8cea505d9e" "Mozilla/5.0 (Macintosh; Intel Mac OS X 10_14_6) AppleWebKit/537.36 (KHTML, like Gecko) Chrome/84.0.4147.105 Safari/537.36"
::ffff:127.0.0.1 - - [03/Aug/2020:21:00:40 +0000] "GET /team/tasks-5f21e57496c37e8cea505d9e-na-na HTTP/1.1" 304 - "http://localhost:3000/teams/5f21e57496c37e8cea505d9e" "Mozilla/5.0 (Macintosh; Intel Mac OS X 10_14_6) AppleWebKit/537.36 (KHTML, like Gecko) Chrome/84.0.4147.105 Safari/537.36"
::ffff:127.0.0.1 - - [03/Aug/2020:21:00:40 +0000] "GET /tasks HTTP/1.1" 201 844 "http://localhost:3000/teams/5f21e57496c37e8cea505d9e" "Mozilla/5.0 (Macintosh; Intel Mac OS X 10_14_6) AppleWebKit/537.36 (KHTML, like Gecko) Chrome/84.0.4147.105 Safari/537.36"
::ffff:127.0.0.1 - - [03/Aug/2020:21:00:40 +0000] "GET /teams HTTP/1.1" 200 286 "http://localhost:3000/teams/5f21e57496c37e8cea505d9e" "Mozilla/5.0 (Macintosh; Intel Mac OS X 10_14_6) AppleWebKit/537.36 (KHTML, like Gecko) Chrome/84.0.4147.105 Safari/537.36"
::ffff:127.0.0.1 - - [03/Aug/2020:21:00:41 +0000] "GET /allUsers HTTP/1.1" 201 - "http://localhost:3000/teams/5f21e57496c37e8cea505d9e" "Mozilla/5.0 (Macintosh; Intel Mac OS X 10_14_6) AppleWebKit/537.36 (KHTML, like Gecko) Chrome/84.0.4147.105 Safari/537.36"
::ffff:127.0.0.1 - - [03/Aug/2020:21:00:41 +0000] "GET /team/tasks-5f21e57496c37e8cea505d9e-na-na HTTP/1.1" 304 - "http://localhost:3000/teams/5f21e57496c37e8cea505d9e" "Mozilla/5.0 (Macintosh; Intel Mac OS X 10_14_6) AppleWebKit/537.36 (KHTML, like Gecko) Chrome/84.0.4147.105 Safari/537.36"
::ffff:127.0.0.1 - - [03/Aug/2020:21:00:41 +0000] "GET /team/tasks-5f21e57496c37e8cea505d9e-na-na HTTP/1.1" 304 - "http://localhost:3000/teams/5f21e57496c37e8cea505d9e" "Mozilla/5.0 (Macintosh; Intel Mac OS X 10_14_6) AppleWebKit/537.36 (KHTML, like Gecko) Chrome/84.0.4147.105 Safari/537.36"
::ffff:127.0.0.1 - - [03/Aug/2020:21:00:41 +0000] "GET /task-members/5f287ae019738642cc5a9500 HTTP/1.1" 304 - "http://localhost:3000/teams/5f21e57496c37e8cea505d9e" "Mozilla/5.0 (Macintosh; Intel Mac OS X 10_14_6) AppleWebKit/537.36 (KHTML, like Gecko) Chrome/84.0.4147.105 Safari/537.36"
::ffff:127.0.0.1 - - [03/Aug/2020:21:00:41 +0000] "GET /team/tasks-5f21e57496c37e8cea505d9e-na-na HTTP/1.1" 304 - "http://localhost:3000/teams/5f21e57496c37e8cea505d9e" "Mozilla/5.0 (Macintosh; Intel Mac OS X 10_14_6) AppleWebKit/537.36 (KHTML, like Gecko) Chrome/84.0.4147.105 Safari/537.36"
::ffff:127.0.0.1 - - [03/Aug/2020:21:00:41 +0000] "GET /task-members/5f287ae019738642cc5a9500 HTTP/1.1" 304 - "http://localhost:3000/teams/5f21e57496c37e8cea505d9e" "Mozilla/5.0 (Macintosh; Intel Mac OS X 10_14_6) AppleWebKit/537.36 (KHTML, like Gecko) Chrome/84.0.4147.105 Safari/537.36"
::ffff:127.0.0.1 - - [03/Aug/2020:21:00:41 +0000] "GET /team/tasks-5f21e57496c37e8cea505d9e-na-na HTTP/1.1" 304 - "http://localhost:3000/teams/5f21e57496c37e8cea505d9e" "Mozilla/5.0 (Macintosh; Intel Mac OS X 10_14_6) AppleWebKit/537.36 (KHTML, like Gecko) Chrome/84.0.4147.105 Safari/537.36"
::ffff:127.0.0.1 - - [03/Aug/2020:21:00:41 +0000] "GET /team/tasks-5f21e57496c37e8cea505d9e-na-na HTTP/1.1" 304 - "http://localhost:3000/teams/5f21e57496c37e8cea505d9e" "Mozilla/5.0 (Macintosh; Intel Mac OS X 10_14_6) AppleWebKit/537.36 (KHTML, like Gecko) Chrome/84.0.4147.105 Safari/537.36"
::ffff:127.0.0.1 - - [03/Aug/2020:21:01:02 +0000] "GET /teams HTTP/1.1" 304 - "http://localhost:3000/teams/5f21e57496c37e8cea505d9e" "Mozilla/5.0 (Macintosh; Intel Mac OS X 10_14_6) AppleWebKit/537.36 (KHTML, like Gecko) Chrome/84.0.4147.105 Safari/537.36"
::ffff:127.0.0.1 - - [03/Aug/2020:21:01:02 +0000] "GET /tasks HTTP/1.1" 201 844 "http://localhost:3000/teams/5f21e57496c37e8cea505d9e" "Mozilla/5.0 (Macintosh; Intel Mac OS X 10_14_6) AppleWebKit/537.36 (KHTML, like Gecko) Chrome/84.0.4147.105 Safari/537.36"
::ffff:127.0.0.1 - - [03/Aug/2020:21:01:02 +0000] "GET /allUsers HTTP/1.1" 201 - "http://localhost:3000/teams/5f21e57496c37e8cea505d9e" "Mozilla/5.0 (Macintosh; Intel Mac OS X 10_14_6) AppleWebKit/537.36 (KHTML, like Gecko) Chrome/84.0.4147.105 Safari/537.36"
::ffff:127.0.0.1 - - [03/Aug/2020:21:01:02 +0000] "GET /team/tasks-5f21e57496c37e8cea505d9e-na-na HTTP/1.1" 304 - "http://localhost:3000/teams/5f21e57496c37e8cea505d9e" "Mozilla/5.0 (Macintosh; Intel Mac OS X 10_14_6) AppleWebKit/537.36 (KHTML, like Gecko) Chrome/84.0.4147.105 Safari/537.36"
::ffff:127.0.0.1 - - [03/Aug/2020:21:01:02 +0000] "GET /team/tasks-5f21e57496c37e8cea505d9e-na-na HTTP/1.1" 304 - "http://localhost:3000/teams/5f21e57496c37e8cea505d9e" "Mozilla/5.0 (Macintosh; Intel Mac OS X 10_14_6) AppleWebKit/537.36 (KHTML, like Gecko) Chrome/84.0.4147.105 Safari/537.36"
::ffff:127.0.0.1 - - [03/Aug/2020:21:01:02 +0000] "GET /task-members/5f287ae019738642cc5a9500 HTTP/1.1" 304 - "http://localhost:3000/teams/5f21e57496c37e8cea505d9e" "Mozilla/5.0 (Macintosh; Intel Mac OS X 10_14_6) AppleWebKit/537.36 (KHTML, like Gecko) Chrome/84.0.4147.105 Safari/537.36"
::ffff:127.0.0.1 - - [03/Aug/2020:21:01:03 +0000] "GET /team/tasks-5f21e57496c37e8cea505d9e-na-na HTTP/1.1" 304 - "http://localhost:3000/teams/5f21e57496c37e8cea505d9e" "Mozilla/5.0 (Macintosh; Intel Mac OS X 10_14_6) AppleWebKit/537.36 (KHTML, like Gecko) Chrome/84.0.4147.105 Safari/537.36"
::ffff:127.0.0.1 - - [03/Aug/2020:21:01:03 +0000] "GET /task-members/5f287ae019738642cc5a9500 HTTP/1.1" 304 - "http://localhost:3000/teams/5f21e57496c37e8cea505d9e" "Mozilla/5.0 (Macintosh; Intel Mac OS X 10_14_6) AppleWebKit/537.36 (KHTML, like Gecko) Chrome/84.0.4147.105 Safari/537.36"
::ffff:127.0.0.1 - - [03/Aug/2020:21:01:03 +0000] "GET /team/tasks-5f21e57496c37e8cea505d9e-na-na HTTP/1.1" 304 - "http://localhost:3000/teams/5f21e57496c37e8cea505d9e" "Mozilla/5.0 (Macintosh; Intel Mac OS X 10_14_6) AppleWebKit/537.36 (KHTML, like Gecko) Chrome/84.0.4147.105 Safari/537.36"
::ffff:127.0.0.1 - - [03/Aug/2020:21:01:03 +0000] "GET /team/tasks-5f21e57496c37e8cea505d9e-na-na HTTP/1.1" 304 - "http://localhost:3000/teams/5f21e57496c37e8cea505d9e" "Mozilla/5.0 (Macintosh; Intel Mac OS X 10_14_6) AppleWebKit/537.36 (KHTML, like Gecko) Chrome/84.0.4147.105 Safari/537.36"
::ffff:127.0.0.1 - - [03/Aug/2020:21:01:52 +0000] "GET /task-members/5f287ae019738642cc5a9500 HTTP/1.1" 304 - "http://localhost:3000/teams/5f21e57496c37e8cea505d9e" "Mozilla/5.0 (Macintosh; Intel Mac OS X 10_14_6) AppleWebKit/537.36 (KHTML, like Gecko) Chrome/84.0.4147.105 Safari/537.36"
::ffff:127.0.0.1 - - [03/Aug/2020:21:01:52 +0000] "PUT /team-remove/5f21e57496c37e8cea505d9e HTTP/1.1" 200 44 "http://localhost:3000/teams/5f21e57496c37e8cea505d9e" "Mozilla/5.0 (Macintosh; Intel Mac OS X 10_14_6) AppleWebKit/537.36 (KHTML, like Gecko) Chrome/84.0.4147.105 Safari/537.36"
::1 - - [03/Aug/2020:21:01:52 +0000] "GET /team/tasks-5f1f11cf11cb394f962956fd-undefined-undefined HTTP/1.1" 500 54 "http://localhost:3000/teams/5f1f11cf11cb394f962956fd" "Mozilla/5.0 (Macintosh; Intel Mac OS X 10_14_6) AppleWebKit/605.1.15 (KHTML, like Gecko) Version/13.1.2 Safari/605.1.15"
::ffff:127.0.0.1 - - [03/Aug/2020:21:01:52 +0000] "PUT /team-push/5f21e57496c37e8cea505d9e HTTP/1.1" 200 44 "http://localhost:3000/teams/5f21e57496c37e8cea505d9e" "Mozilla/5.0 (Macintosh; Intel Mac OS X 10_14_6) AppleWebKit/537.36 (KHTML, like Gecko) Chrome/84.0.4147.105 Safari/537.36"
::ffff:127.0.0.1 - - [03/Aug/2020:21:01:52 +0000] "GET /team/tasks-5f21e57496c37e8cea505d9e-na-na HTTP/1.1" 200 - "http://localhost:3000/teams/5f21e57496c37e8cea505d9e" "Mozilla/5.0 (Macintosh; Intel Mac OS X 10_14_6) AppleWebKit/537.36 (KHTML, like Gecko) Chrome/84.0.4147.105 Safari/537.36"
::1 - - [03/Aug/2020:21:01:52 +0000] "GET /team/tasks-5f1f11cf11cb394f962956fd-undefined-undefined HTTP/1.1" 500 54 "http://localhost:3000/teams/5f1f11cf11cb394f962956fd" "Mozilla/5.0 (Macintosh; Intel Mac OS X 10_14_6) AppleWebKit/605.1.15 (KHTML, like Gecko) Version/13.1.2 Safari/605.1.15"
::ffff:127.0.0.1 - - [03/Aug/2020:21:01:52 +0000] "GET /team/tasks-5f21e57496c37e8cea505d9e-na-na HTTP/1.1" 200 - "http://localhost:3000/teams/5f21e57496c37e8cea505d9e" "Mozilla/5.0 (Macintosh; Intel Mac OS X 10_14_6) AppleWebKit/537.36 (KHTML, like Gecko) Chrome/84.0.4147.105 Safari/537.36"
::ffff:127.0.0.1 - - [03/Aug/2020:21:01:52 +0000] "GET /team/tasks-5f21e57496c37e8cea505d9e-na-na HTTP/1.1" 304 - "http://localhost:3000/teams/5f21e57496c37e8cea505d9e" "Mozilla/5.0 (Macintosh; Intel Mac OS X 10_14_6) AppleWebKit/537.36 (KHTML, like Gecko) Chrome/84.0.4147.105 Safari/537.36"
::ffff:127.0.0.1 - - [03/Aug/2020:21:01:53 +0000] "GET /task-members/5f287ae019738642cc5a9500 HTTP/1.1" 304 - "http://localhost:3000/teams/5f21e57496c37e8cea505d9e" "Mozilla/5.0 (Macintosh; Intel Mac OS X 10_14_6) AppleWebKit/537.36 (KHTML, like Gecko) Chrome/84.0.4147.105 Safari/537.36"
::ffff:127.0.0.1 - - [03/Aug/2020:21:01:53 +0000] "GET /team/tasks-5f21e57496c37e8cea505d9e-na-na HTTP/1.1" 304 - "http://localhost:3000/teams/5f21e57496c37e8cea505d9e" "Mozilla/5.0 (Macintosh; Intel Mac OS X 10_14_6) AppleWebKit/537.36 (KHTML, like Gecko) Chrome/84.0.4147.105 Safari/537.36"
::ffff:127.0.0.1 - - [03/Aug/2020:21:01:53 +0000] "GET /team/tasks-5f21e57496c37e8cea505d9e-na-na HTTP/1.1" 304 - "http://localhost:3000/teams/5f21e57496c37e8cea505d9e" "Mozilla/5.0 (Macintosh; Intel Mac OS X 10_14_6) AppleWebKit/537.36 (KHTML, like Gecko) Chrome/84.0.4147.105 Safari/537.36"
::ffff:127.0.0.1 - - [03/Aug/2020:21:01:53 +0000] "GET /team/tasks-5f21e57496c37e8cea505d9e-na-na HTTP/1.1" 304 - "http://localhost:3000/teams/5f21e57496c37e8cea505d9e" "Mozilla/5.0 (Macintosh; Intel Mac OS X 10_14_6) AppleWebKit/537.36 (KHTML, like Gecko) Chrome/84.0.4147.105 Safari/537.36"
::ffff:127.0.0.1 - - [03/Aug/2020:21:01:53 +0000] "GET /team/tasks-5f21e57496c37e8cea505d9e-na-na HTTP/1.1" 304 - "http://localhost:3000/teams/5f21e57496c37e8cea505d9e" "Mozilla/5.0 (Macintosh; Intel Mac OS X 10_14_6) AppleWebKit/537.36 (KHTML, like Gecko) Chrome/84.0.4147.105 Safari/537.36"
::ffff:127.0.0.1 - - [03/Aug/2020:21:01:53 +0000] "GET /team/tasks-5f21e57496c37e8cea505d9e-na-na HTTP/1.1" 304 - "http://localhost:3000/teams/5f21e57496c37e8cea505d9e" "Mozilla/5.0 (Macintosh; Intel Mac OS X 10_14_6) AppleWebKit/537.36 (KHTML, like Gecko) Chrome/84.0.4147.105 Safari/537.36"
::ffff:127.0.0.1 - - [03/Aug/2020:21:01:53 +0000] "GET /team/tasks-5f21e57496c37e8cea505d9e-na-na HTTP/1.1" 304 - "http://localhost:3000/teams/5f21e57496c37e8cea505d9e" "Mozilla/5.0 (Macintosh; Intel Mac OS X 10_14_6) AppleWebKit/537.36 (KHTML, like Gecko) Chrome/84.0.4147.105 Safari/537.36"
::ffff:127.0.0.1 - - [03/Aug/2020:21:01:54 +0000] "GET /team/tasks-5f21e57496c37e8cea505d9e-na-na HTTP/1.1" 304 - "http://localhost:3000/teams/5f21e57496c37e8cea505d9e" "Mozilla/5.0 (Macintosh; Intel Mac OS X 10_14_6) AppleWebKit/537.36 (KHTML, like Gecko) Chrome/84.0.4147.105 Safari/537.36"
::ffff:127.0.0.1 - - [03/Aug/2020:21:04:52 +0000] "GET /images/2020-07-30T01:40:13.660Z-IMG_7001.jpeg HTTP/1.1" 304 - "http://localhost:3000/users/5f21e56396c37e8cea505d9d" "Mozilla/5.0 (Macintosh; Intel Mac OS X 10_14_6) AppleWebKit/537.36 (KHTML, like Gecko) Chrome/84.0.4147.105 Safari/537.36"
::ffff:127.0.0.1 - - [03/Aug/2020:21:04:52 +0000] "GET /user/5f21e56396c37e8cea505d9d HTTP/1.1" 200 - "http://localhost:3000/users/5f21e56396c37e8cea505d9d" "Mozilla/5.0 (Macintosh; Intel Mac OS X 10_14_6) AppleWebKit/537.36 (KHTML, like Gecko) Chrome/84.0.4147.105 Safari/537.36"
::ffff:127.0.0.1 - - [03/Aug/2020:21:04:52 +0000] "GET /task-members/5f287ae019738642cc5a9500 HTTP/1.1" 304 - "http://localhost:3000/users/5f21e56396c37e8cea505d9d" "Mozilla/5.0 (Macintosh; Intel Mac OS X 10_14_6) AppleWebKit/537.36 (KHTML, like Gecko) Chrome/84.0.4147.105 Safari/537.36"
::ffff:127.0.0.1 - - [03/Aug/2020:21:04:52 +0000] "GET /task-members/5f287ae019738642cc5a9500 HTTP/1.1" 304 - "http://localhost:3000/users/5f21e56396c37e8cea505d9d" "Mozilla/5.0 (Macintosh; Intel Mac OS X 10_14_6) AppleWebKit/537.36 (KHTML, like Gecko) Chrome/84.0.4147.105 Safari/537.36"
::1 - - [03/Aug/2020:21:04:55 +0000] "OPTIONS /tasks/5f287ae019738642cc5a9500 HTTP/1.1" 204 0 "http://localhost:3000/users/5f21e56396c37e8cea505d9d" "Mozilla/5.0 (Macintosh; Intel Mac OS X 10_14_6) AppleWebKit/537.36 (KHTML, like Gecko) Chrome/84.0.4147.105 Safari/537.36"
::1 - - [03/Aug/2020:21:04:55 +0000] "DELETE /tasks/5f287ae019738642cc5a9500 HTTP/1.1" 200 58 "http://localhost:3000/users/5f21e56396c37e8cea505d9d" "Mozilla/5.0 (Macintosh; Intel Mac OS X 10_14_6) AppleWebKit/537.36 (KHTML, like Gecko) Chrome/84.0.4147.105 Safari/537.36"
::1 - - [03/Aug/2020:21:04:55 +0000] "GET /team/tasks-5f1f11cf11cb394f962956fd-undefined-undefined HTTP/1.1" 500 54 "http://localhost:3000/teams/5f1f11cf11cb394f962956fd" "Mozilla/5.0 (Macintosh; Intel Mac OS X 10_14_6) AppleWebKit/605.1.15 (KHTML, like Gecko) Version/13.1.2 Safari/605.1.15"
::ffff:127.0.0.1 - - [03/Aug/2020:21:04:55 +0000] "GET /user/5f21e56396c37e8cea505d9d HTTP/1.1" 200 458 "http://localhost:3000/users/5f21e56396c37e8cea505d9d" "Mozilla/5.0 (Macintosh; Intel Mac OS X 10_14_6) AppleWebKit/537.36 (KHTML, like Gecko) Chrome/84.0.4147.105 Safari/537.36"
::1 - - [03/Aug/2020:21:04:55 +0000] "GET /team/tasks-5f1f11cf11cb394f962956fd-undefined-undefined HTTP/1.1" 500 54 "http://localhost:3000/teams/5f1f11cf11cb394f962956fd" "Mozilla/5.0 (Macintosh; Intel Mac OS X 10_14_6) AppleWebKit/605.1.15 (KHTML, like Gecko) Version/13.1.2 Safari/605.1.15"
::ffff:127.0.0.1 - - [03/Aug/2020:21:04:55 +0000] "GET /user/5f21e56396c37e8cea505d9d HTTP/1.1" 304 - "http://localhost:3000/users/5f21e56396c37e8cea505d9d" "Mozilla/5.0 (Macintosh; Intel Mac OS X 10_14_6) AppleWebKit/537.36 (KHTML, like Gecko) Chrome/84.0.4147.105 Safari/537.36"
::ffff:127.0.0.1 - - [03/Aug/2020:21:04:55 +0000] "GET /team/tasks-5f21e57496c37e8cea505d9e-na-na HTTP/1.1" 200 92 "http://localhost:3000/users/5f21e56396c37e8cea505d9d" "Mozilla/5.0 (Macintosh; Intel Mac OS X 10_14_6) AppleWebKit/537.36 (KHTML, like Gecko) Chrome/84.0.4147.105 Safari/537.36"
::ffff:127.0.0.1 - - [03/Aug/2020:21:04:56 +0000] "GET /user/5f21e56396c37e8cea505d9d HTTP/1.1" 304 - "http://localhost:3000/users/5f21e56396c37e8cea505d9d" "Mozilla/5.0 (Macintosh; Intel Mac OS X 10_14_6) AppleWebKit/537.36 (KHTML, like Gecko) Chrome/84.0.4147.105 Safari/537.36"
::ffff:127.0.0.1 - - [03/Aug/2020:21:04:56 +0000] "GET /team/tasks-5f21e57496c37e8cea505d9e-na-na HTTP/1.1" 304 - "http://localhost:3000/users/5f21e56396c37e8cea505d9d" "Mozilla/5.0 (Macintosh; Intel Mac OS X 10_14_6) AppleWebKit/537.36 (KHTML, like Gecko) Chrome/84.0.4147.105 Safari/537.36"
::ffff:127.0.0.1 - - [03/Aug/2020:21:04:56 +0000] "GET /user/5f21e56396c37e8cea505d9d HTTP/1.1" 304 - "http://localhost:3000/users/5f21e56396c37e8cea505d9d" "Mozilla/5.0 (Macintosh; Intel Mac OS X 10_14_6) AppleWebKit/537.36 (KHTML, like Gecko) Chrome/84.0.4147.105 Safari/537.36"
::ffff:127.0.0.1 - - [03/Aug/2020:21:04:56 +0000] "GET /team/tasks-5f21e57496c37e8cea505d9e-na-na HTTP/1.1" 304 - "http://localhost:3000/users/5f21e56396c37e8cea505d9d" "Mozilla/5.0 (Macintosh; Intel Mac OS X 10_14_6) AppleWebKit/537.36 (KHTML, like Gecko) Chrome/84.0.4147.105 Safari/537.36"
::ffff:127.0.0.1 - - [03/Aug/2020:21:04:56 +0000] "GET /team/tasks-5f21e57496c37e8cea505d9e-na-na HTTP/1.1" 304 - "http://localhost:3000/users/5f21e56396c37e8cea505d9d" "Mozilla/5.0 (Macintosh; Intel Mac OS X 10_14_6) AppleWebKit/537.36 (KHTML, like Gecko) Chrome/84.0.4147.105 Safari/537.36"
::ffff:127.0.0.1 - - [03/Aug/2020:21:04:56 +0000] "GET /team/tasks-5f21e57496c37e8cea505d9e-na-na HTTP/1.1" 304 - "http://localhost:3000/users/5f21e56396c37e8cea505d9d" "Mozilla/5.0 (Macintosh; Intel Mac OS X 10_14_6) AppleWebKit/537.36 (KHTML, like Gecko) Chrome/84.0.4147.105 Safari/537.36"
::ffff:127.0.0.1 - - [03/Aug/2020:21:04:56 +0000] "GET /team/tasks-5f21e57496c37e8cea505d9e-na-na HTTP/1.1" 304 - "http://localhost:3000/users/5f21e56396c37e8cea505d9d" "Mozilla/5.0 (Macintosh; Intel Mac OS X 10_14_6) AppleWebKit/537.36 (KHTML, like Gecko) Chrome/84.0.4147.105 Safari/537.36"
::ffff:127.0.0.1 - - [03/Aug/2020:21:04:57 +0000] "GET /team/tasks-5f21e57496c37e8cea505d9e-na-na HTTP/1.1" 304 - "http://localhost:3000/users/5f21e56396c37e8cea505d9d" "Mozilla/5.0 (Macintosh; Intel Mac OS X 10_14_6) AppleWebKit/537.36 (KHTML, like Gecko) Chrome/84.0.4147.105 Safari/537.36"
::ffff:127.0.0.1 - - [03/Aug/2020:21:04:57 +0000] "GET /team/tasks-5f21e57496c37e8cea505d9e-na-na HTTP/1.1" 304 - "http://localhost:3000/users/5f21e56396c37e8cea505d9d" "Mozilla/5.0 (Macintosh; Intel Mac OS X 10_14_6) AppleWebKit/537.36 (KHTML, like Gecko) Chrome/84.0.4147.105 Safari/537.36"
::ffff:127.0.0.1 - - [03/Aug/2020:21:04:57 +0000] "GET /team/tasks-5f21e57496c37e8cea505d9e-na-na HTTP/1.1" 304 - "http://localhost:3000/users/5f21e56396c37e8cea505d9d" "Mozilla/5.0 (Macintosh; Intel Mac OS X 10_14_6) AppleWebKit/537.36 (KHTML, like Gecko) Chrome/84.0.4147.105 Safari/537.36"
::ffff:127.0.0.1 - - [03/Aug/2020:21:04:57 +0000] "GET /team/tasks-5f21e57496c37e8cea505d9e-na-na HTTP/1.1" 304 - "http://localhost:3000/users/5f21e56396c37e8cea505d9d" "Mozilla/5.0 (Macintosh; Intel Mac OS X 10_14_6) AppleWebKit/537.36 (KHTML, like Gecko) Chrome/84.0.4147.105 Safari/537.36"
::ffff:127.0.0.1 - - [03/Aug/2020:21:04:58 +0000] "GET /allUsers HTTP/1.1" 201 438 "http://localhost:3000/users/5f21e56396c37e8cea505d9d" "Mozilla/5.0 (Macintosh; Intel Mac OS X 10_14_6) AppleWebKit/537.36 (KHTML, like Gecko) Chrome/84.0.4147.105 Safari/537.36"
::ffff:127.0.0.1 - - [03/Aug/2020:21:04:58 +0000] "GET /teams HTTP/1.1" 200 259 "http://localhost:3000/users/5f21e56396c37e8cea505d9d" "Mozilla/5.0 (Macintosh; Intel Mac OS X 10_14_6) AppleWebKit/537.36 (KHTML, like Gecko) Chrome/84.0.4147.105 Safari/537.36"
::ffff:127.0.0.1 - - [03/Aug/2020:21:04:58 +0000] "GET /tasks HTTP/1.1" 201 52 "http://localhost:3000/users/5f21e56396c37e8cea505d9d" "Mozilla/5.0 (Macintosh; Intel Mac OS X 10_14_6) AppleWebKit/537.36 (KHTML, like Gecko) Chrome/84.0.4147.105 Safari/537.36"
::ffff:127.0.0.1 - - [03/Aug/2020:21:04:58 +0000] "GET /images/2020-07-30T01:40:13.660Z-IMG_7001.jpeg HTTP/1.1" 304 - "http://localhost:3000/users/5f21e56396c37e8cea505d9d" "Mozilla/5.0 (Macintosh; Intel Mac OS X 10_14_6) AppleWebKit/537.36 (KHTML, like Gecko) Chrome/84.0.4147.105 Safari/537.36"
::ffff:127.0.0.1 - - [03/Aug/2020:21:04:58 +0000] "GET /user/5f21e56396c37e8cea505d9d HTTP/1.1" 304 - "http://localhost:3000/users/5f21e56396c37e8cea505d9d" "Mozilla/5.0 (Macintosh; Intel Mac OS X 10_14_6) AppleWebKit/537.36 (KHTML, like Gecko) Chrome/84.0.4147.105 Safari/537.36"
::ffff:127.0.0.1 - - [03/Aug/2020:21:05:05 +0000] "GET /team/tasks-5f21e57496c37e8cea505d9e-na-na HTTP/1.1" 304 - "http://localhost:3000/teams/5f21e57496c37e8cea505d9e" "Mozilla/5.0 (Macintosh; Intel Mac OS X 10_14_6) AppleWebKit/537.36 (KHTML, like Gecko) Chrome/84.0.4147.105 Safari/537.36"
::ffff:127.0.0.1 - - [03/Aug/2020:21:05:05 +0000] "GET /team/tasks-5f21e57496c37e8cea505d9e-na-na HTTP/1.1" 304 - "http://localhost:3000/teams/5f21e57496c37e8cea505d9e" "Mozilla/5.0 (Macintosh; Intel Mac OS X 10_14_6) AppleWebKit/537.36 (KHTML, like Gecko) Chrome/84.0.4147.105 Safari/537.36"
::ffff:127.0.0.1 - - [03/Aug/2020:21:05:06 +0000] "GET /team/tasks-5f21e57496c37e8cea505d9e-na-na HTTP/1.1" 304 - "http://localhost:3000/teams/5f21e57496c37e8cea505d9e" "Mozilla/5.0 (Macintosh; Intel Mac OS X 10_14_6) AppleWebKit/537.36 (KHTML, like Gecko) Chrome/84.0.4147.105 Safari/537.36"
::ffff:127.0.0.1 - - [03/Aug/2020:21:05:06 +0000] "GET /team/tasks-5f21e57496c37e8cea505d9e-na-na HTTP/1.1" 304 - "http://localhost:3000/teams/5f21e57496c37e8cea505d9e" "Mozilla/5.0 (Macintosh; Intel Mac OS X 10_14_6) AppleWebKit/537.36 (KHTML, like Gecko) Chrome/84.0.4147.105 Safari/537.36"
::ffff:127.0.0.1 - - [03/Aug/2020:21:05:06 +0000] "GET /team/tasks-5f21e57496c37e8cea505d9e-na-na HTTP/1.1" 304 - "http://localhost:3000/teams/5f21e57496c37e8cea505d9e" "Mozilla/5.0 (Macintosh; Intel Mac OS X 10_14_6) AppleWebKit/537.36 (KHTML, like Gecko) Chrome/84.0.4147.105 Safari/537.36"
::ffff:127.0.0.1 - - [03/Aug/2020:21:07:21 +0000] "POST /tasks HTTP/1.1" 201 420 "http://localhost:3000/teams/5f21e57496c37e8cea505d9e" "Mozilla/5.0 (Macintosh; Intel Mac OS X 10_14_6) AppleWebKit/537.36 (KHTML, like Gecko) Chrome/84.0.4147.105 Safari/537.36"
::1 - - [03/Aug/2020:21:07:21 +0000] "GET /team/tasks-5f1f11cf11cb394f962956fd-undefined-undefined HTTP/1.1" 500 54 "http://localhost:3000/teams/5f1f11cf11cb394f962956fd" "Mozilla/5.0 (Macintosh; Intel Mac OS X 10_14_6) AppleWebKit/605.1.15 (KHTML, like Gecko) Version/13.1.2 Safari/605.1.15"
::ffff:127.0.0.1 - - [03/Aug/2020:21:07:21 +0000] "GET /tasks HTTP/1.1" 201 406 "http://localhost:3000/teams/5f21e57496c37e8cea505d9e" "Mozilla/5.0 (Macintosh; Intel Mac OS X 10_14_6) AppleWebKit/537.36 (KHTML, like Gecko) Chrome/84.0.4147.105 Safari/537.36"
::1 - - [03/Aug/2020:21:07:21 +0000] "GET /tasks HTTP/1.1" 201 406 "http://localhost:3000/teams/5f1f11cf11cb394f962956fd" "Mozilla/5.0 (Macintosh; Intel Mac OS X 10_14_6) AppleWebKit/605.1.15 (KHTML, like Gecko) Version/13.1.2 Safari/605.1.15"
::ffff:127.0.0.1 - - [03/Aug/2020:21:07:21 +0000] "GET /user/5f21e56396c37e8cea505d9d HTTP/1.1" 200 812 "http://localhost:3000/teams/5f21e57496c37e8cea505d9e" "Mozilla/5.0 (Macintosh; Intel Mac OS X 10_14_6) AppleWebKit/537.36 (KHTML, like Gecko) Chrome/84.0.4147.105 Safari/537.36"
::ffff:127.0.0.1 - - [03/Aug/2020:21:07:21 +0000] "GET /team/tasks-5f21e57496c37e8cea505d9e-na-na HTTP/1.1" 200 446 "http://localhost:3000/teams/5f21e57496c37e8cea505d9e" "Mozilla/5.0 (Macintosh; Intel Mac OS X 10_14_6) AppleWebKit/537.36 (KHTML, like Gecko) Chrome/84.0.4147.105 Safari/537.36"
::ffff:127.0.0.1 - - [03/Aug/2020:21:07:21 +0000] "GET /team/tasks-5f21e57496c37e8cea505d9e-na-na HTTP/1.1" 304 - "http://localhost:3000/teams/5f21e57496c37e8cea505d9e" "Mozilla/5.0 (Macintosh; Intel Mac OS X 10_14_6) AppleWebKit/537.36 (KHTML, like Gecko) Chrome/84.0.4147.105 Safari/537.36"
::ffff:127.0.0.1 - - [03/Aug/2020:21:07:21 +0000] "GET /task-members/5f287c8919738642cc5a9504 HTTP/1.1" 200 80 "http://localhost:3000/teams/5f21e57496c37e8cea505d9e" "Mozilla/5.0 (Macintosh; Intel Mac OS X 10_14_6) AppleWebKit/537.36 (KHTML, like Gecko) Chrome/84.0.4147.105 Safari/537.36"
::ffff:127.0.0.1 - - [03/Aug/2020:21:07:21 +0000] "GET /team/tasks-5f21e57496c37e8cea505d9e-na-na HTTP/1.1" 304 - "http://localhost:3000/teams/5f21e57496c37e8cea505d9e" "Mozilla/5.0 (Macintosh; Intel Mac OS X 10_14_6) AppleWebKit/537.36 (KHTML, like Gecko) Chrome/84.0.4147.105 Safari/537.36"
::ffff:127.0.0.1 - - [03/Aug/2020:21:07:22 +0000] "GET /team/tasks-5f21e57496c37e8cea505d9e-na-na HTTP/1.1" 304 - "http://localhost:3000/teams/5f21e57496c37e8cea505d9e" "Mozilla/5.0 (Macintosh; Intel Mac OS X 10_14_6) AppleWebKit/537.36 (KHTML, like Gecko) Chrome/84.0.4147.105 Safari/537.36"
::ffff:127.0.0.1 - - [03/Aug/2020:21:07:22 +0000] "GET /team/tasks-5f21e57496c37e8cea505d9e-na-na HTTP/1.1" 304 - "http://localhost:3000/teams/5f21e57496c37e8cea505d9e" "Mozilla/5.0 (Macintosh; Intel Mac OS X 10_14_6) AppleWebKit/537.36 (KHTML, like Gecko) Chrome/84.0.4147.105 Safari/537.36"
::ffff:127.0.0.1 - - [03/Aug/2020:21:07:37 +0000] "GET /task-members/5f287c8919738642cc5a9504 HTTP/1.1" 304 - "http://localhost:3000/front%20end/5f287c8919738642cc5a9504" "Mozilla/5.0 (Macintosh; Intel Mac OS X 10_14_6) AppleWebKit/537.36 (KHTML, like Gecko) Chrome/84.0.4147.105 Safari/537.36"
::ffff:127.0.0.1 - - [03/Aug/2020:21:07:37 +0000] "GET /comments/5f287c8919738642cc5a9504 HTTP/1.1" 201 71 "http://localhost:3000/front%20end/5f287c8919738642cc5a9504" "Mozilla/5.0 (Macintosh; Intel Mac OS X 10_14_6) AppleWebKit/537.36 (KHTML, like Gecko) Chrome/84.0.4147.105 Safari/537.36"
::1 - - [03/Aug/2020:21:07:39 +0000] "OPTIONS /task-members HTTP/1.1" 204 0 "http://localhost:3000/front%20end/5f287c8919738642cc5a9504" "Mozilla/5.0 (Macintosh; Intel Mac OS X 10_14_6) AppleWebKit/537.36 (KHTML, like Gecko) Chrome/84.0.4147.105 Safari/537.36"
::1 - - [03/Aug/2020:21:07:39 +0000] "POST /task-members HTTP/1.1" 200 43 "http://localhost:3000/front%20end/5f287c8919738642cc5a9504" "Mozilla/5.0 (Macintosh; Intel Mac OS X 10_14_6) AppleWebKit/537.36 (KHTML, like Gecko) Chrome/84.0.4147.105 Safari/537.36"
::1 - - [03/Aug/2020:21:07:39 +0000] "OPTIONS /task-members/5f1f387145c6ac528cbc7bee HTTP/1.1" 204 0 "http://localhost:3000/" "Mozilla/5.0 (Macintosh; Intel Mac OS X 10_14_6) AppleWebKit/605.1.15 (KHTML, like Gecko) Version/13.1.2 Safari/605.1.15"
::1 - - [03/Aug/2020:21:07:39 +0000] "OPTIONS /task-members/5f1f1fa345c6ac528cbc7be6 HTTP/1.1" 204 0 "http://localhost:3000/" "Mozilla/5.0 (Macintosh; Intel Mac OS X 10_14_6) AppleWebKit/605.1.15 (KHTML, like Gecko) Version/13.1.2 Safari/605.1.15"
::1 - - [03/Aug/2020:21:07:39 +0000] "OPTIONS /task-members/5f1f1fa345c6ac528cbc7be6 HTTP/1.1" 204 0 "http://localhost:3000/" "Mozilla/5.0 (Macintosh; Intel Mac OS X 10_14_6) AppleWebKit/605.1.15 (KHTML, like Gecko) Version/13.1.2 Safari/605.1.15"
::ffff:127.0.0.1 - - [03/Aug/2020:21:07:39 +0000] "GET /task-members/5f287c8919738642cc5a9504 HTTP/1.1" 200 519 "http://localhost:3000/front%20end/5f287c8919738642cc5a9504" "Mozilla/5.0 (Macintosh; Intel Mac OS X 10_14_6) AppleWebKit/537.36 (KHTML, like Gecko) Chrome/84.0.4147.105 Safari/537.36"
::1 - - [03/Aug/2020:21:07:39 +0000] "GET /task-members/5f1f387145c6ac528cbc7bee HTTP/1.1" 500 55 "http://localhost:3000/teams/5f1f11cf11cb394f962956fd" "Mozilla/5.0 (Macintosh; Intel Mac OS X 10_14_6) AppleWebKit/605.1.15 (KHTML, like Gecko) Version/13.1.2 Safari/605.1.15"
::1 - - [03/Aug/2020:21:07:39 +0000] "GET /task-members/5f1f1fa345c6ac528cbc7be6 HTTP/1.1" 500 55 "http://localhost:3000/teams/5f1f11cf11cb394f962956fd" "Mozilla/5.0 (Macintosh; Intel Mac OS X 10_14_6) AppleWebKit/605.1.15 (KHTML, like Gecko) Version/13.1.2 Safari/605.1.15"
::1 - - [03/Aug/2020:21:07:39 +0000] "GET /task-members/5f1f1fa345c6ac528cbc7be6 HTTP/1.1" 500 55 "http://localhost:3000/teams/5f1f11cf11cb394f962956fd" "Mozilla/5.0 (Macintosh; Intel Mac OS X 10_14_6) AppleWebKit/605.1.15 (KHTML, like Gecko) Version/13.1.2 Safari/605.1.15"
::ffff:127.0.0.1 - - [03/Aug/2020:21:07:39 +0000] "GET /task-members/5f287c8919738642cc5a9504 HTTP/1.1" 304 - "http://localhost:3000/front%20end/5f287c8919738642cc5a9504" "Mozilla/5.0 (Macintosh; Intel Mac OS X 10_14_6) AppleWebKit/537.36 (KHTML, like Gecko) Chrome/84.0.4147.105 Safari/537.36"
::ffff:127.0.0.1 - - [03/Aug/2020:21:07:39 +0000] "GET /user/5f21e56396c37e8cea505d9d HTTP/1.1" 200 - "http://localhost:3000/front%20end/5f287c8919738642cc5a9504" "Mozilla/5.0 (Macintosh; Intel Mac OS X 10_14_6) AppleWebKit/537.36 (KHTML, like Gecko) Chrome/84.0.4147.105 Safari/537.36"
::ffff:127.0.0.1 - - [03/Aug/2020:21:07:44 +0000] "GET /team/tasks-5f21e57496c37e8cea505d9e-na-na HTTP/1.1" 200 885 "http://localhost:3000/teams/5f21e57496c37e8cea505d9e" "Mozilla/5.0 (Macintosh; Intel Mac OS X 10_14_6) AppleWebKit/537.36 (KHTML, like Gecko) Chrome/84.0.4147.105 Safari/537.36"
::ffff:127.0.0.1 - - [03/Aug/2020:21:07:45 +0000] "GET /team/tasks-5f21e57496c37e8cea505d9e-na-na HTTP/1.1" 304 - "http://localhost:3000/teams/5f21e57496c37e8cea505d9e" "Mozilla/5.0 (Macintosh; Intel Mac OS X 10_14_6) AppleWebKit/537.36 (KHTML, like Gecko) Chrome/84.0.4147.105 Safari/537.36"
::ffff:127.0.0.1 - - [03/Aug/2020:21:07:45 +0000] "GET /task-members/5f287c8919738642cc5a9504 HTTP/1.1" 304 - "http://localhost:3000/teams/5f21e57496c37e8cea505d9e" "Mozilla/5.0 (Macintosh; Intel Mac OS X 10_14_6) AppleWebKit/537.36 (KHTML, like Gecko) Chrome/84.0.4147.105 Safari/537.36"
::ffff:127.0.0.1 - - [03/Aug/2020:21:07:45 +0000] "GET /team/tasks-5f21e57496c37e8cea505d9e-na-na HTTP/1.1" 304 - "http://localhost:3000/teams/5f21e57496c37e8cea505d9e" "Mozilla/5.0 (Macintosh; Intel Mac OS X 10_14_6) AppleWebKit/537.36 (KHTML, like Gecko) Chrome/84.0.4147.105 Safari/537.36"
::ffff:127.0.0.1 - - [03/Aug/2020:21:07:45 +0000] "GET /team/tasks-5f21e57496c37e8cea505d9e-na-na HTTP/1.1" 304 - "http://localhost:3000/teams/5f21e57496c37e8cea505d9e" "Mozilla/5.0 (Macintosh; Intel Mac OS X 10_14_6) AppleWebKit/537.36 (KHTML, like Gecko) Chrome/84.0.4147.105 Safari/537.36"
::ffff:127.0.0.1 - - [03/Aug/2020:21:07:45 +0000] "GET /team/tasks-5f21e57496c37e8cea505d9e-na-na HTTP/1.1" 304 - "http://localhost:3000/teams/5f21e57496c37e8cea505d9e" "Mozilla/5.0 (Macintosh; Intel Mac OS X 10_14_6) AppleWebKit/537.36 (KHTML, like Gecko) Chrome/84.0.4147.105 Safari/537.36"
::ffff:127.0.0.1 - - [03/Aug/2020:21:07:54 +0000] "GET /task-members/5f287c8919738642cc5a9504 HTTP/1.1" 304 - "http://localhost:3000/teams/5f21e57496c37e8cea505d9e" "Mozilla/5.0 (Macintosh; Intel Mac OS X 10_14_6) AppleWebKit/537.36 (KHTML, like Gecko) Chrome/84.0.4147.105 Safari/537.36"
::ffff:127.0.0.1 - - [03/Aug/2020:21:07:54 +0000] "PUT /team-remove/5f21e57496c37e8cea505d9e HTTP/1.1" 200 44 "http://localhost:3000/teams/5f21e57496c37e8cea505d9e" "Mozilla/5.0 (Macintosh; Intel Mac OS X 10_14_6) AppleWebKit/537.36 (KHTML, like Gecko) Chrome/84.0.4147.105 Safari/537.36"
::1 - - [03/Aug/2020:21:07:54 +0000] "GET /team/tasks-5f1f11cf11cb394f962956fd-undefined-undefined HTTP/1.1" 500 54 "http://localhost:3000/teams/5f1f11cf11cb394f962956fd" "Mozilla/5.0 (Macintosh; Intel Mac OS X 10_14_6) AppleWebKit/605.1.15 (KHTML, like Gecko) Version/13.1.2 Safari/605.1.15"
::ffff:127.0.0.1 - - [03/Aug/2020:21:07:54 +0000] "PUT /team-push/5f21e57496c37e8cea505d9e HTTP/1.1" 200 44 "http://localhost:3000/teams/5f21e57496c37e8cea505d9e" "Mozilla/5.0 (Macintosh; Intel Mac OS X 10_14_6) AppleWebKit/537.36 (KHTML, like Gecko) Chrome/84.0.4147.105 Safari/537.36"
::ffff:127.0.0.1 - - [03/Aug/2020:21:07:54 +0000] "GET /team/tasks-5f21e57496c37e8cea505d9e-na-na HTTP/1.1" 200 886 "http://localhost:3000/teams/5f21e57496c37e8cea505d9e" "Mozilla/5.0 (Macintosh; Intel Mac OS X 10_14_6) AppleWebKit/537.36 (KHTML, like Gecko) Chrome/84.0.4147.105 Safari/537.36"
::ffff:127.0.0.1 - - [03/Aug/2020:21:07:54 +0000] "GET /user/5f21e56396c37e8cea505d9d HTTP/1.1" 200 - "http://localhost:3000/teams/5f21e57496c37e8cea505d9e" "Mozilla/5.0 (Macintosh; Intel Mac OS X 10_14_6) AppleWebKit/537.36 (KHTML, like Gecko) Chrome/84.0.4147.105 Safari/537.36"
::1 - - [03/Aug/2020:21:07:54 +0000] "GET /team/tasks-5f1f11cf11cb394f962956fd-undefined-undefined HTTP/1.1" 500 54 "http://localhost:3000/teams/5f1f11cf11cb394f962956fd" "Mozilla/5.0 (Macintosh; Intel Mac OS X 10_14_6) AppleWebKit/605.1.15 (KHTML, like Gecko) Version/13.1.2 Safari/605.1.15"
::ffff:127.0.0.1 - - [03/Aug/2020:21:07:54 +0000] "GET /team/tasks-5f21e57496c37e8cea505d9e-na-na HTTP/1.1" 200 - "http://localhost:3000/teams/5f21e57496c37e8cea505d9e" "Mozilla/5.0 (Macintosh; Intel Mac OS X 10_14_6) AppleWebKit/537.36 (KHTML, like Gecko) Chrome/84.0.4147.105 Safari/537.36"
::ffff:127.0.0.1 - - [03/Aug/2020:21:07:54 +0000] "GET /user/5f21e56396c37e8cea505d9d HTTP/1.1" 304 - "http://localhost:3000/teams/5f21e57496c37e8cea505d9e" "Mozilla/5.0 (Macintosh; Intel Mac OS X 10_14_6) AppleWebKit/537.36 (KHTML, like Gecko) Chrome/84.0.4147.105 Safari/537.36"
::ffff:127.0.0.1 - - [03/Aug/2020:21:07:54 +0000] "GET /team/tasks-5f21e57496c37e8cea505d9e-na-na HTTP/1.1" 304 - "http://localhost:3000/teams/5f21e57496c37e8cea505d9e" "Mozilla/5.0 (Macintosh; Intel Mac OS X 10_14_6) AppleWebKit/537.36 (KHTML, like Gecko) Chrome/84.0.4147.105 Safari/537.36"
::ffff:127.0.0.1 - - [03/Aug/2020:21:07:55 +0000] "GET /user/5f21e56396c37e8cea505d9d HTTP/1.1" 304 - "http://localhost:3000/teams/5f21e57496c37e8cea505d9e" "Mozilla/5.0 (Macintosh; Intel Mac OS X 10_14_6) AppleWebKit/537.36 (KHTML, like Gecko) Chrome/84.0.4147.105 Safari/537.36"
::ffff:127.0.0.1 - - [03/Aug/2020:21:07:55 +0000] "GET /team/tasks-5f21e57496c37e8cea505d9e-na-na HTTP/1.1" 304 - "http://localhost:3000/teams/5f21e57496c37e8cea505d9e" "Mozilla/5.0 (Macintosh; Intel Mac OS X 10_14_6) AppleWebKit/537.36 (KHTML, like Gecko) Chrome/84.0.4147.105 Safari/537.36"
::ffff:127.0.0.1 - - [03/Aug/2020:21:07:55 +0000] "GET /user/5f21e56396c37e8cea505d9d HTTP/1.1" 304 - "http://localhost:3000/teams/5f21e57496c37e8cea505d9e" "Mozilla/5.0 (Macintosh; Intel Mac OS X 10_14_6) AppleWebKit/537.36 (KHTML, like Gecko) Chrome/84.0.4147.105 Safari/537.36"
::ffff:127.0.0.1 - - [03/Aug/2020:21:07:55 +0000] "GET /team/tasks-5f21e57496c37e8cea505d9e-na-na HTTP/1.1" 304 - "http://localhost:3000/teams/5f21e57496c37e8cea505d9e" "Mozilla/5.0 (Macintosh; Intel Mac OS X 10_14_6) AppleWebKit/537.36 (KHTML, like Gecko) Chrome/84.0.4147.105 Safari/537.36"
::ffff:127.0.0.1 - - [03/Aug/2020:21:07:55 +0000] "GET /team/tasks-5f21e57496c37e8cea505d9e-na-na HTTP/1.1" 304 - "http://localhost:3000/teams/5f21e57496c37e8cea505d9e" "Mozilla/5.0 (Macintosh; Intel Mac OS X 10_14_6) AppleWebKit/537.36 (KHTML, like Gecko) Chrome/84.0.4147.105 Safari/537.36"
::ffff:127.0.0.1 - - [03/Aug/2020:21:07:55 +0000] "GET /team/tasks-5f21e57496c37e8cea505d9e-na-na HTTP/1.1" 304 - "http://localhost:3000/teams/5f21e57496c37e8cea505d9e" "Mozilla/5.0 (Macintosh; Intel Mac OS X 10_14_6) AppleWebKit/537.36 (KHTML, like Gecko) Chrome/84.0.4147.105 Safari/537.36"
::ffff:127.0.0.1 - - [03/Aug/2020:21:07:55 +0000] "GET /task-members/5f287c8919738642cc5a9504 HTTP/1.1" 304 - "http://localhost:3000/teams/5f21e57496c37e8cea505d9e" "Mozilla/5.0 (Macintosh; Intel Mac OS X 10_14_6) AppleWebKit/537.36 (KHTML, like Gecko) Chrome/84.0.4147.105 Safari/537.36"
::ffff:127.0.0.1 - - [03/Aug/2020:21:07:55 +0000] "GET /team/tasks-5f21e57496c37e8cea505d9e-na-na HTTP/1.1" 304 - "http://localhost:3000/teams/5f21e57496c37e8cea505d9e" "Mozilla/5.0 (Macintosh; Intel Mac OS X 10_14_6) AppleWebKit/537.36 (KHTML, like Gecko) Chrome/84.0.4147.105 Safari/537.36"
::ffff:127.0.0.1 - - [03/Aug/2020:21:07:56 +0000] "GET /team/tasks-5f21e57496c37e8cea505d9e-na-na HTTP/1.1" 304 - "http://localhost:3000/teams/5f21e57496c37e8cea505d9e" "Mozilla/5.0 (Macintosh; Intel Mac OS X 10_14_6) AppleWebKit/537.36 (KHTML, like Gecko) Chrome/84.0.4147.105 Safari/537.36"
::ffff:127.0.0.1 - - [03/Aug/2020:21:07:56 +0000] "GET /team/tasks-5f21e57496c37e8cea505d9e-na-na HTTP/1.1" 304 - "http://localhost:3000/teams/5f21e57496c37e8cea505d9e" "Mozilla/5.0 (Macintosh; Intel Mac OS X 10_14_6) AppleWebKit/537.36 (KHTML, like Gecko) Chrome/84.0.4147.105 Safari/537.36"
::ffff:127.0.0.1 - - [03/Aug/2020:21:07:56 +0000] "GET /team/tasks-5f21e57496c37e8cea505d9e-na-na HTTP/1.1" 304 - "http://localhost:3000/teams/5f21e57496c37e8cea505d9e" "Mozilla/5.0 (Macintosh; Intel Mac OS X 10_14_6) AppleWebKit/537.36 (KHTML, like Gecko) Chrome/84.0.4147.105 Safari/537.36"
::ffff:127.0.0.1 - - [03/Aug/2020:21:07:56 +0000] "GET /team/tasks-5f21e57496c37e8cea505d9e-na-na HTTP/1.1" 304 - "http://localhost:3000/teams/5f21e57496c37e8cea505d9e" "Mozilla/5.0 (Macintosh; Intel Mac OS X 10_14_6) AppleWebKit/537.36 (KHTML, like Gecko) Chrome/84.0.4147.105 Safari/537.36"
::ffff:127.0.0.1 - - [03/Aug/2020:21:07:56 +0000] "GET /team/tasks-5f21e57496c37e8cea505d9e-na-na HTTP/1.1" 304 - "http://localhost:3000/teams/5f21e57496c37e8cea505d9e" "Mozilla/5.0 (Macintosh; Intel Mac OS X 10_14_6) AppleWebKit/537.36 (KHTML, like Gecko) Chrome/84.0.4147.105 Safari/537.36"
::ffff:127.0.0.1 - - [03/Aug/2020:21:07:56 +0000] "GET /team/tasks-5f21e57496c37e8cea505d9e-na-na HTTP/1.1" 304 - "http://localhost:3000/teams/5f21e57496c37e8cea505d9e" "Mozilla/5.0 (Macintosh; Intel Mac OS X 10_14_6) AppleWebKit/537.36 (KHTML, like Gecko) Chrome/84.0.4147.105 Safari/537.36"
::ffff:127.0.0.1 - - [03/Aug/2020:21:07:57 +0000] "GET /team/tasks-5f21e57496c37e8cea505d9e-na-na HTTP/1.1" 304 - "http://localhost:3000/teams/5f21e57496c37e8cea505d9e" "Mozilla/5.0 (Macintosh; Intel Mac OS X 10_14_6) AppleWebKit/537.36 (KHTML, like Gecko) Chrome/84.0.4147.105 Safari/537.36"
::ffff:127.0.0.1 - - [03/Aug/2020:21:07:57 +0000] "GET /team/tasks-5f21e57496c37e8cea505d9e-na-na HTTP/1.1" 304 - "http://localhost:3000/teams/5f21e57496c37e8cea505d9e" "Mozilla/5.0 (Macintosh; Intel Mac OS X 10_14_6) AppleWebKit/537.36 (KHTML, like Gecko) Chrome/84.0.4147.105 Safari/537.36"
::ffff:127.0.0.1 - - [03/Aug/2020:21:07:57 +0000] "GET /team/tasks-5f21e57496c37e8cea505d9e-na-na HTTP/1.1" 304 - "http://localhost:3000/teams/5f21e57496c37e8cea505d9e" "Mozilla/5.0 (Macintosh; Intel Mac OS X 10_14_6) AppleWebKit/537.36 (KHTML, like Gecko) Chrome/84.0.4147.105 Safari/537.36"
::ffff:127.0.0.1 - - [03/Aug/2020:21:07:57 +0000] "GET /team/tasks-5f21e57496c37e8cea505d9e-na-na HTTP/1.1" 304 - "http://localhost:3000/teams/5f21e57496c37e8cea505d9e" "Mozilla/5.0 (Macintosh; Intel Mac OS X 10_14_6) AppleWebKit/537.36 (KHTML, like Gecko) Chrome/84.0.4147.105 Safari/537.36"
::ffff:127.0.0.1 - - [03/Aug/2020:21:07:57 +0000] "GET /team/tasks-5f21e57496c37e8cea505d9e-na-na HTTP/1.1" 304 - "http://localhost:3000/teams/5f21e57496c37e8cea505d9e" "Mozilla/5.0 (Macintosh; Intel Mac OS X 10_14_6) AppleWebKit/537.36 (KHTML, like Gecko) Chrome/84.0.4147.105 Safari/537.36"
::ffff:127.0.0.1 - - [03/Aug/2020:21:07:57 +0000] "GET /team/tasks-5f21e57496c37e8cea505d9e-na-na HTTP/1.1" 304 - "http://localhost:3000/teams/5f21e57496c37e8cea505d9e" "Mozilla/5.0 (Macintosh; Intel Mac OS X 10_14_6) AppleWebKit/537.36 (KHTML, like Gecko) Chrome/84.0.4147.105 Safari/537.36"
::ffff:127.0.0.1 - - [03/Aug/2020:21:11:07 +0000] "GET /user/5f21e56396c37e8cea505d9d HTTP/1.1" 304 - "http://localhost:3000/users/5f21e56396c37e8cea505d9d" "Mozilla/5.0 (Macintosh; Intel Mac OS X 10_14_6) AppleWebKit/537.36 (KHTML, like Gecko) Chrome/84.0.4147.105 Safari/537.36"
::ffff:127.0.0.1 - - [03/Aug/2020:21:11:07 +0000] "GET /task-members/5f287c8919738642cc5a9504 HTTP/1.1" 304 - "http://localhost:3000/users/5f21e56396c37e8cea505d9d" "Mozilla/5.0 (Macintosh; Intel Mac OS X 10_14_6) AppleWebKit/537.36 (KHTML, like Gecko) Chrome/84.0.4147.105 Safari/537.36"
::ffff:127.0.0.1 - - [03/Aug/2020:21:11:07 +0000] "GET /task-members/5f287c8919738642cc5a9504 HTTP/1.1" 304 - "http://localhost:3000/users/5f21e56396c37e8cea505d9d" "Mozilla/5.0 (Macintosh; Intel Mac OS X 10_14_6) AppleWebKit/537.36 (KHTML, like Gecko) Chrome/84.0.4147.105 Safari/537.36"
::1 - - [03/Aug/2020:21:11:10 +0000] "OPTIONS /tasks/5f287c8919738642cc5a9504 HTTP/1.1" 204 0 "http://localhost:3000/users/5f21e56396c37e8cea505d9d" "Mozilla/5.0 (Macintosh; Intel Mac OS X 10_14_6) AppleWebKit/537.36 (KHTML, like Gecko) Chrome/84.0.4147.105 Safari/537.36"
::1 - - [03/Aug/2020:21:11:10 +0000] "DELETE /tasks/5f287c8919738642cc5a9504 HTTP/1.1" 200 58 "http://localhost:3000/users/5f21e56396c37e8cea505d9d" "Mozilla/5.0 (Macintosh; Intel Mac OS X 10_14_6) AppleWebKit/537.36 (KHTML, like Gecko) Chrome/84.0.4147.105 Safari/537.36"
::1 - - [03/Aug/2020:21:11:10 +0000] "GET /team/tasks-5f1f11cf11cb394f962956fd-undefined-undefined HTTP/1.1" 500 54 "http://localhost:3000/teams/5f1f11cf11cb394f962956fd" "Mozilla/5.0 (Macintosh; Intel Mac OS X 10_14_6) AppleWebKit/605.1.15 (KHTML, like Gecko) Version/13.1.2 Safari/605.1.15"
::ffff:127.0.0.1 - - [03/Aug/2020:21:11:10 +0000] "GET /user/5f21e56396c37e8cea505d9d HTTP/1.1" 200 458 "http://localhost:3000/users/5f21e56396c37e8cea505d9d" "Mozilla/5.0 (Macintosh; Intel Mac OS X 10_14_6) AppleWebKit/537.36 (KHTML, like Gecko) Chrome/84.0.4147.105 Safari/537.36"
::1 - - [03/Aug/2020:21:11:10 +0000] "GET /team/tasks-5f1f11cf11cb394f962956fd-undefined-undefined HTTP/1.1" 500 54 "http://localhost:3000/teams/5f1f11cf11cb394f962956fd" "Mozilla/5.0 (Macintosh; Intel Mac OS X 10_14_6) AppleWebKit/605.1.15 (KHTML, like Gecko) Version/13.1.2 Safari/605.1.15"
::ffff:127.0.0.1 - - [03/Aug/2020:21:11:10 +0000] "GET /team/tasks-5f21e57496c37e8cea505d9e-na-na HTTP/1.1" 200 92 "http://localhost:3000/users/5f21e56396c37e8cea505d9d" "Mozilla/5.0 (Macintosh; Intel Mac OS X 10_14_6) AppleWebKit/537.36 (KHTML, like Gecko) Chrome/84.0.4147.105 Safari/537.36"
::ffff:127.0.0.1 - - [03/Aug/2020:21:11:10 +0000] "GET /user/5f21e56396c37e8cea505d9d HTTP/1.1" 304 - "http://localhost:3000/users/5f21e56396c37e8cea505d9d" "Mozilla/5.0 (Macintosh; Intel Mac OS X 10_14_6) AppleWebKit/537.36 (KHTML, like Gecko) Chrome/84.0.4147.105 Safari/537.36"
::ffff:127.0.0.1 - - [03/Aug/2020:21:11:10 +0000] "GET /user/5f21e56396c37e8cea505d9d HTTP/1.1" 304 - "http://localhost:3000/users/5f21e56396c37e8cea505d9d" "Mozilla/5.0 (Macintosh; Intel Mac OS X 10_14_6) AppleWebKit/537.36 (KHTML, like Gecko) Chrome/84.0.4147.105 Safari/537.36"
::ffff:127.0.0.1 - - [03/Aug/2020:21:11:11 +0000] "GET /team/tasks-5f21e57496c37e8cea505d9e-na-na HTTP/1.1" 304 - "http://localhost:3000/users/5f21e56396c37e8cea505d9d" "Mozilla/5.0 (Macintosh; Intel Mac OS X 10_14_6) AppleWebKit/537.36 (KHTML, like Gecko) Chrome/84.0.4147.105 Safari/537.36"
::ffff:127.0.0.1 - - [03/Aug/2020:21:11:11 +0000] "GET /user/5f21e56396c37e8cea505d9d HTTP/1.1" 304 - "http://localhost:3000/users/5f21e56396c37e8cea505d9d" "Mozilla/5.0 (Macintosh; Intel Mac OS X 10_14_6) AppleWebKit/537.36 (KHTML, like Gecko) Chrome/84.0.4147.105 Safari/537.36"
::ffff:127.0.0.1 - - [03/Aug/2020:21:11:11 +0000] "GET /user/5f21e56396c37e8cea505d9d HTTP/1.1" 304 - "http://localhost:3000/users/5f21e56396c37e8cea505d9d" "Mozilla/5.0 (Macintosh; Intel Mac OS X 10_14_6) AppleWebKit/537.36 (KHTML, like Gecko) Chrome/84.0.4147.105 Safari/537.36"
::ffff:127.0.0.1 - - [03/Aug/2020:21:11:11 +0000] "GET /team/tasks-5f21e57496c37e8cea505d9e-na-na HTTP/1.1" 304 - "http://localhost:3000/users/5f21e56396c37e8cea505d9d" "Mozilla/5.0 (Macintosh; Intel Mac OS X 10_14_6) AppleWebKit/537.36 (KHTML, like Gecko) Chrome/84.0.4147.105 Safari/537.36"
::ffff:127.0.0.1 - - [03/Aug/2020:21:11:11 +0000] "GET /user/5f21e56396c37e8cea505d9d HTTP/1.1" 304 - "http://localhost:3000/users/5f21e56396c37e8cea505d9d" "Mozilla/5.0 (Macintosh; Intel Mac OS X 10_14_6) AppleWebKit/537.36 (KHTML, like Gecko) Chrome/84.0.4147.105 Safari/537.36"
::ffff:127.0.0.1 - - [03/Aug/2020:21:11:11 +0000] "GET /user/5f21e56396c37e8cea505d9d HTTP/1.1" 304 - "http://localhost:3000/users/5f21e56396c37e8cea505d9d" "Mozilla/5.0 (Macintosh; Intel Mac OS X 10_14_6) AppleWebKit/537.36 (KHTML, like Gecko) Chrome/84.0.4147.105 Safari/537.36"
::ffff:127.0.0.1 - - [03/Aug/2020:21:11:11 +0000] "GET /team/tasks-5f21e57496c37e8cea505d9e-na-na HTTP/1.1" 304 - "http://localhost:3000/users/5f21e56396c37e8cea505d9d" "Mozilla/5.0 (Macintosh; Intel Mac OS X 10_14_6) AppleWebKit/537.36 (KHTML, like Gecko) Chrome/84.0.4147.105 Safari/537.36"
::ffff:127.0.0.1 - - [03/Aug/2020:21:11:11 +0000] "GET /user/5f21e56396c37e8cea505d9d HTTP/1.1" 304 - "http://localhost:3000/users/5f21e56396c37e8cea505d9d" "Mozilla/5.0 (Macintosh; Intel Mac OS X 10_14_6) AppleWebKit/537.36 (KHTML, like Gecko) Chrome/84.0.4147.105 Safari/537.36"
